// Vitest Snapshot v1, https://vitest.dev/guide/snapshot.html

exports[`AlbumDetail visual regression > matches the loaded-detail snapshot in dark theme 1`] = `
<div>
  <article
    aria-label="Album tags"
    class="MuiBox-root css-1lmvkmd"
  >
    <h1
      class="MuiTypography-root MuiTypography-h1 css-ua3tq8-MuiTypography-root"
    >
      Kind of Blue
    </h1>
    <button
      class="MuiButtonBase-root MuiButton-root MuiButton-outlined MuiButton-sizeMedium MuiButton-colorPrimary css-13hn3zu-MuiButtonBase-root-MuiButton-root"
      data-testid="back-button"
      tabindex="0"
      type="button"
    >
      <span
        class="MuiButton-icon MuiButton-startIcon css-1lxyhll-MuiButton-startIcon"
      >
        <svg
          aria-hidden="true"
          class="MuiSvgIcon-root MuiSvgIcon-fontSizeMedium css-4uxqju-MuiSvgIcon-root"
          data-testid="ArrowBackIcon"
          focusable="false"
          viewBox="0 0 24 24"
        >
          <path
            d="M20 11H7.83l5.59-5.59L12 4l-8 8 8 8 1.41-1.41L7.83 13H20z"
          />
        </svg>
      </span>
      Back
    </button>
    <section
      aria-labelledby="hero-album-title"
      class="MuiBox-root css-1x7nj5q"
      data-testid="album-hero-header"
    >
      <div
        aria-hidden="true"
        class="MuiBox-root css-1ty2qe2"
        data-testid="hero-cover-placeholder"
      />
      <div
        class="MuiBox-root css-bly4bm"
        data-testid="hero-metadata"
      >
        <h2
          class="MuiTypography-root MuiTypography-h5 css-n9kgla-MuiTypography-root"
          data-testid="hero-artist"
        >
          Miles Davis
        </h2>
        <h3
          class="MuiTypography-root MuiTypography-h4 css-1xy6faa-MuiTypography-root"
          data-testid="hero-album-title"
          id="hero-album-title"
        >
          Kind of Blue
        </h3>
        <p
          class="MuiTypography-root MuiTypography-body1 css-1fz3vqa-MuiTypography-root"
          data-testid="hero-label-catalog"
        >
          Columbia - CL 1355
        </p>
        <p
          class="MuiTypography-root MuiTypography-body2 css-19cl65r-MuiTypography-root"
          data-testid="hero-release-date"
        >
          1959
        </p>
        <ul
          aria-label="Genre tags"
          class="MuiBox-root css-toc6l2"
          data-testid="hero-genre-chips"
          role="list"
        >
          <li
            role="listitem"
          >
            <div
              class="MuiChip-root MuiChip-outlined MuiChip-sizeSmall MuiChip-colorDefault css-t4kuez-MuiChip-root"
            >
              <span
                class="MuiChip-label css-19m61dl-MuiChip-label"
              >
                Jazz
              </span>
            </div>
          </li>
        </ul>
      </div>
    </section>
    <div
      class="MuiBox-root css-1ube9x9"
      data-testid="two-column-layout"
    >
      <div
        class="MuiBox-root css-1rsbvsd"
        data-testid="metadata-column"
      >
        <section
          aria-labelledby="album-tags-heading"
          class="MuiBox-root css-0"
        >
          <h2
            class="MuiTypography-root MuiTypography-h6 css-9xjr39-MuiTypography-root"
            id="album-tags-heading"
          >
            Album Tags
          </h2>
          <div
            class="MuiBox-root css-opajo7"
          >
            <p
              class="MuiTypography-root MuiTypography-body2 css-1nwmiw8-MuiTypography-root"
            >
              Album path
            </p>
            <span
              class="MuiBox-root css-1iwpvdr"
              data-testid="album-path"
            >
              <span
                class="MuiBox-root css-1gp2pk"
                title="Jazz/Miles Davis/Kind of Blue"
              >
                Jazz/Miles Davis/Kind of Blue
              </span>
              <button
                aria-label="Copy Album path"
                class="MuiButtonBase-root MuiButton-root MuiButton-outlined MuiButton-sizeSmall MuiButton-colorPrimary css-155j4wy-MuiButtonBase-root-MuiButton-root"
                data-testid="album-path-copy"
                tabindex="0"
                type="button"
              >
                Copy
              </button>
            </span>
          </div>
          <p
            class="MuiTypography-root MuiTypography-body2 css-1v1eyp-MuiTypography-root"
            data-testid="edit-scope-notice"
            id="edit-scope-notice"
          >
            Editing these tags will update all 3 files in this album's directory. Click any field to edit.
          </p>
          <dl
            class="MuiBox-root css-19fyy6c"
            id="album-tags"
          >
            <div
              class="MuiBox-root css-juilq5"
              data-testid="album-field-album"
            >
              <dt
                class="MuiTypography-root MuiTypography-body2 css-545jyv-MuiTypography-root"
              >
                Album
              </dt>
              <dd
                class="MuiBox-root css-1jl9svn"
              >
                <button
                  aria-disabled="false"
                  aria-label="Edit Album: Kind of Blue"
                  class="MuiButtonBase-root css-18qmnky-MuiButtonBase-root"
                  data-testid="album-value-album"
                  tabindex="0"
                  title="Click to edit Album"
                  type="button"
                >
                  <span
                    class="MuiBox-root css-idlrhm"
                  >
                    Kind of Blue
                  </span>
                  <svg
                    aria-hidden="true"
                    class="MuiSvgIcon-root MuiSvgIcon-fontSizeMedium css-9i2ntv-MuiSvgIcon-root"
                    data-testid="EditIcon"
                    focusable="false"
                    viewBox="0 0 24 24"
                  >
                    <path
                      d="M3 17.25V21h3.75L17.81 9.94l-3.75-3.75zM20.71 7.04c.39-.39.39-1.02 0-1.41l-2.34-2.34a.996.996 0 0 0-1.41 0l-1.83 1.83 3.75 3.75z"
                    />
                  </svg>
                </button>
              </dd>
            </div>
            <div
              class="MuiBox-root css-juilq5"
              data-testid="album-field-albumartist"
            >
              <dt
                class="MuiTypography-root MuiTypography-body2 css-545jyv-MuiTypography-root"
              >
                Album Artist
              </dt>
              <dd
                class="MuiBox-root css-1jl9svn"
              >
                <button
                  aria-disabled="false"
                  aria-label="Edit Album Artist: Miles Davis"
                  class="MuiButtonBase-root css-18qmnky-MuiButtonBase-root"
                  data-testid="album-value-albumartist"
                  tabindex="0"
                  title="Click to edit Album Artist"
                  type="button"
                >
                  <span
                    class="MuiBox-root css-idlrhm"
                  >
                    Miles Davis
                  </span>
                  <svg
                    aria-hidden="true"
                    class="MuiSvgIcon-root MuiSvgIcon-fontSizeMedium css-9i2ntv-MuiSvgIcon-root"
                    data-testid="EditIcon"
                    focusable="false"
                    viewBox="0 0 24 24"
                  >
                    <path
                      d="M3 17.25V21h3.75L17.81 9.94l-3.75-3.75zM20.71 7.04c.39-.39.39-1.02 0-1.41l-2.34-2.34a.996.996 0 0 0-1.41 0l-1.83 1.83 3.75 3.75z"
                    />
                  </svg>
                </button>
              </dd>
            </div>
            <div
              class="MuiBox-root css-juilq5"
              data-testid="album-field-date"
            >
              <dt
                class="MuiTypography-root MuiTypography-body2 css-545jyv-MuiTypography-root"
              >
                Date
              </dt>
              <dd
                class="MuiBox-root css-1jl9svn"
              >
                <button
                  aria-disabled="false"
                  aria-label="Edit Date: 1959"
                  class="MuiButtonBase-root css-18qmnky-MuiButtonBase-root"
                  data-testid="album-value-date"
                  tabindex="0"
                  title="Click to edit Date"
                  type="button"
                >
                  <span
                    class="MuiBox-root css-idlrhm"
                  >
                    1959
                  </span>
                  <svg
                    aria-hidden="true"
                    class="MuiSvgIcon-root MuiSvgIcon-fontSizeMedium css-9i2ntv-MuiSvgIcon-root"
                    data-testid="EditIcon"
                    focusable="false"
                    viewBox="0 0 24 24"
                  >
                    <path
                      d="M3 17.25V21h3.75L17.81 9.94l-3.75-3.75zM20.71 7.04c.39-.39.39-1.02 0-1.41l-2.34-2.34a.996.996 0 0 0-1.41 0l-1.83 1.83 3.75 3.75z"
                    />
                  </svg>
                </button>
              </dd>
            </div>
            <div
              class="MuiBox-root css-juilq5"
              data-testid="album-field-genre"
            >
              <dt
                class="MuiTypography-root MuiTypography-body2 css-545jyv-MuiTypography-root"
              >
                Genre
              </dt>
              <dd
                class="MuiBox-root css-1jl9svn"
              >
                <button
                  aria-disabled="false"
                  aria-label="Edit Genre: Jazz"
                  class="MuiButtonBase-root css-18qmnky-MuiButtonBase-root"
                  data-testid="album-value-genre"
                  tabindex="0"
                  title="Click to edit Genre"
                  type="button"
                >
                  <span
                    class="MuiBox-root css-idlrhm"
                  >
                    Jazz
                  </span>
                  <svg
                    aria-hidden="true"
                    class="MuiSvgIcon-root MuiSvgIcon-fontSizeMedium css-9i2ntv-MuiSvgIcon-root"
                    data-testid="EditIcon"
                    focusable="false"
                    viewBox="0 0 24 24"
                  >
                    <path
                      d="M3 17.25V21h3.75L17.81 9.94l-3.75-3.75zM20.71 7.04c.39-.39.39-1.02 0-1.41l-2.34-2.34a.996.996 0 0 0-1.41 0l-1.83 1.83 3.75 3.75z"
                    />
                  </svg>
                </button>
              </dd>
            </div>
            <div
              class="MuiBox-root css-juilq5"
              data-testid="album-field-label"
            >
              <dt
                class="MuiTypography-root MuiTypography-body2 css-545jyv-MuiTypography-root"
              >
                Label
              </dt>
              <dd
                class="MuiBox-root css-1jl9svn"
              >
                <button
                  aria-disabled="false"
                  aria-label="Edit Label: Columbia"
                  class="MuiButtonBase-root css-18qmnky-MuiButtonBase-root"
                  data-testid="album-value-label"
                  tabindex="0"
                  title="Click to edit Label"
                  type="button"
                >
                  <span
                    class="MuiBox-root css-idlrhm"
                  >
                    Columbia
                  </span>
                  <svg
                    aria-hidden="true"
                    class="MuiSvgIcon-root MuiSvgIcon-fontSizeMedium css-9i2ntv-MuiSvgIcon-root"
                    data-testid="EditIcon"
                    focusable="false"
                    viewBox="0 0 24 24"
                  >
                    <path
                      d="M3 17.25V21h3.75L17.81 9.94l-3.75-3.75zM20.71 7.04c.39-.39.39-1.02 0-1.41l-2.34-2.34a.996.996 0 0 0-1.41 0l-1.83 1.83 3.75 3.75z"
                    />
                  </svg>
                </button>
              </dd>
            </div>
            <div
              class="MuiBox-root css-juilq5"
              data-testid="album-field-catalognumber"
            >
              <dt
                class="MuiTypography-root MuiTypography-body2 css-545jyv-MuiTypography-root"
              >
                Catalog #
              </dt>
              <dd
                class="MuiBox-root css-1jl9svn"
              >
                <button
                  aria-disabled="false"
                  aria-label="Edit Catalog #: CL 1355"
                  class="MuiButtonBase-root css-18qmnky-MuiButtonBase-root"
                  data-testid="album-value-catalognumber"
                  tabindex="0"
                  title="Click to edit Catalog #"
                  type="button"
                >
                  <span
                    class="MuiBox-root css-idlrhm"
                  >
                    CL 1355
                  </span>
                  <svg
                    aria-hidden="true"
                    class="MuiSvgIcon-root MuiSvgIcon-fontSizeMedium css-9i2ntv-MuiSvgIcon-root"
                    data-testid="EditIcon"
                    focusable="false"
                    viewBox="0 0 24 24"
                  >
                    <path
                      d="M3 17.25V21h3.75L17.81 9.94l-3.75-3.75zM20.71 7.04c.39-.39.39-1.02 0-1.41l-2.34-2.34a.996.996 0 0 0-1.41 0l-1.83 1.83 3.75 3.75z"
                    />
                  </svg>
                </button>
              </dd>
            </div>
            <div
              class="MuiBox-root css-juilq5"
              data-testid="album-field-composer"
            >
              <dt
                class="MuiTypography-root MuiTypography-body2 css-545jyv-MuiTypography-root"
              >
                Composer
              </dt>
              <dd
                class="MuiBox-root css-1jl9svn"
              >
                <button
                  aria-disabled="false"
                  aria-label="Edit Composer: Miles Davis"
                  class="MuiButtonBase-root css-18qmnky-MuiButtonBase-root"
                  data-testid="album-value-composer"
                  tabindex="0"
                  title="Click to edit Composer"
                  type="button"
                >
                  <span
                    class="MuiBox-root css-idlrhm"
                  >
                    Miles Davis
                  </span>
                  <svg
                    aria-hidden="true"
                    class="MuiSvgIcon-root MuiSvgIcon-fontSizeMedium css-9i2ntv-MuiSvgIcon-root"
                    data-testid="EditIcon"
                    focusable="false"
                    viewBox="0 0 24 24"
                  >
                    <path
                      d="M3 17.25V21h3.75L17.81 9.94l-3.75-3.75zM20.71 7.04c.39-.39.39-1.02 0-1.41l-2.34-2.34a.996.996 0 0 0-1.41 0l-1.83 1.83 3.75 3.75z"
                    />
                  </svg>
                </button>
              </dd>
            </div>
            <div
              class="MuiBox-root css-juilq5"
              data-testid="album-field-conductor"
            >
              <dt
                class="MuiTypography-root MuiTypography-body2 css-545jyv-MuiTypography-root"
              >
                Conductor
              </dt>
              <dd
                class="MuiBox-root css-1jl9svn"
              >
                <button
                  aria-disabled="false"
                  aria-label="Edit Conductor: (empty)"
                  class="MuiButtonBase-root css-18qmnky-MuiButtonBase-root"
                  data-testid="album-value-conductor"
                  tabindex="0"
                  title="Click to edit Conductor"
                  type="button"
                >
                  <span
                    class="MuiBox-root css-idlrhm"
                  >
                    <span
                      class="MuiBox-root css-sjqfzd"
                    >
                      (empty - click to set)
                    </span>
                  </span>
                  <svg
                    aria-hidden="true"
                    class="MuiSvgIcon-root MuiSvgIcon-fontSizeMedium css-9i2ntv-MuiSvgIcon-root"
                    data-testid="EditIcon"
                    focusable="false"
                    viewBox="0 0 24 24"
                  >
                    <path
                      d="M3 17.25V21h3.75L17.81 9.94l-3.75-3.75zM20.71 7.04c.39-.39.39-1.02 0-1.41l-2.34-2.34a.996.996 0 0 0-1.41 0l-1.83 1.83 3.75 3.75z"
                    />
                  </svg>
                </button>
              </dd>
            </div>
            <div
              class="MuiBox-root css-juilq5"
              data-testid="album-field-ensemble"
            >
              <dt
                class="MuiTypography-root MuiTypography-body2 css-545jyv-MuiTypography-root"
              >
                Ensemble
              </dt>
              <dd
                class="MuiBox-root css-1jl9svn"
              >
                <button
                  aria-disabled="false"
                  aria-label="Edit Ensemble: Miles Davis Sextet"
                  class="MuiButtonBase-root css-18qmnky-MuiButtonBase-root"
                  data-testid="album-value-ensemble"
                  tabindex="0"
                  title="Click to edit Ensemble"
                  type="button"
                >
                  <span
                    class="MuiBox-root css-idlrhm"
                  >
                    Miles Davis Sextet
                  </span>
                  <svg
                    aria-hidden="true"
                    class="MuiSvgIcon-root MuiSvgIcon-fontSizeMedium css-9i2ntv-MuiSvgIcon-root"
                    data-testid="EditIcon"
                    focusable="false"
                    viewBox="0 0 24 24"
                  >
                    <path
                      d="M3 17.25V21h3.75L17.81 9.94l-3.75-3.75zM20.71 7.04c.39-.39.39-1.02 0-1.41l-2.34-2.34a.996.996 0 0 0-1.41 0l-1.83 1.83 3.75 3.75z"
                    />
                  </svg>
                </button>
              </dd>
            </div>
          </dl>
          <div
            class="MuiBox-root css-5jimel"
          >
            <button
              aria-label="Save - no pending changes"
              class="MuiButtonBase-root Mui-disabled MuiButton-root MuiButton-contained MuiButton-sizeMedium MuiButton-colorPrimary css-1nxy3ah-MuiButtonBase-root-MuiButton-root"
              data-testid="save-button"
              disabled=""
              tabindex="-1"
              type="button"
            >
              Save
            </button>
          </div>
        </section>
        <section
          aria-label="Other tags"
          class="MuiBox-root css-0"
          data-testid="other-tags-section"
        >
          <h2
            class="MuiTypography-root MuiTypography-subtitle1 css-ggfy3f-MuiTypography-root"
          >
            Other tags
          </h2>
          <p
            class="MuiTypography-root MuiTypography-caption css-f11qrl-MuiTypography-root"
          >
            Non-standard tags found in these files. Read-only in this version.
          </p>
          <p
            class="MuiTypography-root MuiTypography-body2 css-19cl65r-MuiTypography-root"
            data-testid="other-tags-empty"
          >
            No additional tags.
          </p>
        </section>
        <section
          aria-label="Discogs sync"
          class="MuiBox-root css-0"
        >
          <div
            data-testid="sync-panel"
          />
        </section>
      </div>
      <div
        class="MuiBox-root css-31l7gp"
        data-testid="tracklist-column"
      >
        <section
          aria-label="Tracks"
          class="MuiBox-root css-0"
        >
          <h2
            class="MuiTypography-root MuiTypography-h6 css-9xjr39-MuiTypography-root"
          >
            Tracks
          </h2>
          <div
            class="MuiTableContainer-root css-70zvr5-MuiTableContainer-root"
          >
            <table
              aria-label="Tracks"
              class="MuiTable-root css-14v49c2-MuiTable-root"
            >
              <thead
                class="MuiTableHead-root css-1a7iywq-MuiTableHead-root"
              >
                <tr
                  class="MuiTableRow-root MuiTableRow-head css-92sqde-MuiTableRow-root"
                >
                  <th
                    class="MuiTableCell-root MuiTableCell-head MuiTableCell-sizeSmall css-6372fc-MuiTableCell-root"
                    scope="col"
                  >
                    Position
                  </th>
                  <th
                    class="MuiTableCell-root MuiTableCell-head MuiTableCell-sizeSmall css-6372fc-MuiTableCell-root"
                    scope="col"
                  >
                    Title
                  </th>
                  <th
                    class="MuiTableCell-root MuiTableCell-head MuiTableCell-sizeSmall css-6372fc-MuiTableCell-root"
                    scope="col"
                  >
                    Artist
                  </th>
                  <th
                    class="MuiTableCell-root MuiTableCell-head MuiTableCell-sizeSmall css-6372fc-MuiTableCell-root"
                    scope="col"
                  >
                    Duration
                  </th>
                  <th
                    aria-label="Actions"
                    class="MuiTableCell-root MuiTableCell-head MuiTableCell-sizeSmall css-6372fc-MuiTableCell-root"
                    scope="col"
                  />
                </tr>
              </thead>
              <tbody
                class="MuiTableBody-root css-gmh7jj-MuiTableBody-root"
              >
                <tr
                  class="MuiTableRow-root MuiTableRow-hover css-92sqde-MuiTableRow-root"
                  data-testid="track-row-track-0001"
                >
                  <td
                    class="MuiTableCell-root MuiTableCell-body MuiTableCell-sizeSmall css-x59lm5-MuiTableCell-root"
                  >
                    <div
                      class="MuiBox-root css-juilq5"
                      data-testid="track-track-0001-field-tracknumber"
                    >
                      <div
                        class="MuiTypography-root MuiTypography-body2 css-1a0r76o-MuiTypography-root"
                      >
                        Track number
                      </div>
                      <div
                        class="MuiBox-root css-1jl9svn"
                      >
                        <button
                          aria-disabled="false"
                          aria-label="Edit Track number: 1"
                          class="MuiButtonBase-root css-18qmnky-MuiButtonBase-root"
                          data-testid="track-track-0001-value-tracknumber"
                          tabindex="0"
                          title="Click to edit Track number"
                          type="button"
                        >
                          <span
                            class="MuiBox-root css-idlrhm"
                          >
                            1
                          </span>
                          <svg
                            aria-hidden="true"
                            class="MuiSvgIcon-root MuiSvgIcon-fontSizeMedium css-9i2ntv-MuiSvgIcon-root"
                            data-testid="EditIcon"
                            focusable="false"
                            viewBox="0 0 24 24"
                          >
                            <path
                              d="M3 17.25V21h3.75L17.81 9.94l-3.75-3.75zM20.71 7.04c.39-.39.39-1.02 0-1.41l-2.34-2.34a.996.996 0 0 0-1.41 0l-1.83 1.83 3.75 3.75z"
                            />
                          </svg>
                        </button>
                      </div>
                    </div>
                  </td>
                  <td
                    class="MuiTableCell-root MuiTableCell-body MuiTableCell-sizeSmall css-x59lm5-MuiTableCell-root"
                  >
                    <div
                      class="MuiBox-root css-juilq5"
                      data-testid="track-track-0001-field-title"
                    >
                      <div
                        class="MuiTypography-root MuiTypography-body2 css-1a0r76o-MuiTypography-root"
                      >
                        Title
                      </div>
                      <div
                        class="MuiBox-root css-1jl9svn"
                      >
                        <button
                          aria-disabled="false"
                          aria-label="Edit Title: So What"
                          class="MuiButtonBase-root css-18qmnky-MuiButtonBase-root"
                          data-testid="track-track-0001-value-title"
                          tabindex="0"
                          title="Click to edit Title"
                          type="button"
                        >
                          <span
                            class="MuiBox-root css-idlrhm"
                          >
                            So What
                          </span>
                          <svg
                            aria-hidden="true"
                            class="MuiSvgIcon-root MuiSvgIcon-fontSizeMedium css-9i2ntv-MuiSvgIcon-root"
                            data-testid="EditIcon"
                            focusable="false"
                            viewBox="0 0 24 24"
                          >
                            <path
                              d="M3 17.25V21h3.75L17.81 9.94l-3.75-3.75zM20.71 7.04c.39-.39.39-1.02 0-1.41l-2.34-2.34a.996.996 0 0 0-1.41 0l-1.83 1.83 3.75 3.75z"
                            />
                          </svg>
                        </button>
                      </div>
                    </div>
                  </td>
                  <td
                    class="MuiTableCell-root MuiTableCell-body MuiTableCell-sizeSmall css-x59lm5-MuiTableCell-root"
                  >
                    <div
                      class="MuiBox-root css-juilq5"
                      data-testid="track-track-0001-field-artist"
                    >
                      <div
                        class="MuiTypography-root MuiTypography-body2 css-1a0r76o-MuiTypography-root"
                      >
                        Artist
                      </div>
                      <div
                        class="MuiBox-root css-1jl9svn"
                      >
                        <button
                          aria-disabled="false"
                          aria-label="Edit Artist: (empty)"
                          class="MuiButtonBase-root css-18qmnky-MuiButtonBase-root"
                          data-testid="track-track-0001-value-artist"
                          tabindex="0"
                          title="Click to edit Artist"
                          type="button"
                        >
                          <span
                            class="MuiBox-root css-idlrhm"
                          >
                            <span
                              class="MuiBox-root css-sjqfzd"
                            >
                              (empty - click to set)
                            </span>
                          </span>
                          <svg
                            aria-hidden="true"
                            class="MuiSvgIcon-root MuiSvgIcon-fontSizeMedium css-9i2ntv-MuiSvgIcon-root"
                            data-testid="EditIcon"
                            focusable="false"
                            viewBox="0 0 24 24"
                          >
                            <path
                              d="M3 17.25V21h3.75L17.81 9.94l-3.75-3.75zM20.71 7.04c.39-.39.39-1.02 0-1.41l-2.34-2.34a.996.996 0 0 0-1.41 0l-1.83 1.83 3.75 3.75z"
                            />
                          </svg>
                        </button>
                      </div>
                    </div>
                  </td>
                  <td
                    class="MuiTableCell-root MuiTableCell-body MuiTableCell-sizeSmall css-x59lm5-MuiTableCell-root"
                  >
                    9:25
                  </td>
                  <td
                    class="MuiTableCell-root MuiTableCell-body MuiTableCell-sizeSmall css-5z3e6t-MuiTableCell-root"
                  >
                    <button
                      aria-label="Show file path for track So What"
                      class="MuiButtonBase-root MuiIconButton-root MuiIconButton-sizeSmall css-mo314w-MuiButtonBase-root-MuiIconButton-root"
                      data-testid="track-track-0001-file-path-btn"
                      tabindex="0"
                      type="button"
                    >
                      <svg
                        aria-hidden="true"
                        class="MuiSvgIcon-root MuiSvgIcon-fontSizeSmall css-1ud1u39-MuiSvgIcon-root"
                        data-testid="InfoOutlinedIcon"
                        focusable="false"
                        viewBox="0 0 24 24"
                      >
                        <path
                          d="M11 7h2v2h-2zm0 4h2v6h-2zm1-9C6.48 2 2 6.48 2 12s4.48 10 10 10 10-4.48 10-10S17.52 2 12 2m0 18c-4.41 0-8-3.59-8-8s3.59-8 8-8 8 3.59 8 8-3.59 8-8 8"
                        />
                      </svg>
                    </button>
                  </td>
                </tr>
                <tr
                  class="MuiTableRow-root MuiTableRow-hover css-92sqde-MuiTableRow-root"
                  data-testid="track-row-track-0002"
                >
                  <td
                    class="MuiTableCell-root MuiTableCell-body MuiTableCell-sizeSmall css-x59lm5-MuiTableCell-root"
                  >
                    <div
                      class="MuiBox-root css-juilq5"
                      data-testid="track-track-0002-field-tracknumber"
                    >
                      <div
                        class="MuiTypography-root MuiTypography-body2 css-1a0r76o-MuiTypography-root"
                      >
                        Track number
                      </div>
                      <div
                        class="MuiBox-root css-1jl9svn"
                      >
                        <button
                          aria-disabled="false"
                          aria-label="Edit Track number: 2"
                          class="MuiButtonBase-root css-18qmnky-MuiButtonBase-root"
                          data-testid="track-track-0002-value-tracknumber"
                          tabindex="0"
                          title="Click to edit Track number"
                          type="button"
                        >
                          <span
                            class="MuiBox-root css-idlrhm"
                          >
                            2
                          </span>
                          <svg
                            aria-hidden="true"
                            class="MuiSvgIcon-root MuiSvgIcon-fontSizeMedium css-9i2ntv-MuiSvgIcon-root"
                            data-testid="EditIcon"
                            focusable="false"
                            viewBox="0 0 24 24"
                          >
                            <path
                              d="M3 17.25V21h3.75L17.81 9.94l-3.75-3.75zM20.71 7.04c.39-.39.39-1.02 0-1.41l-2.34-2.34a.996.996 0 0 0-1.41 0l-1.83 1.83 3.75 3.75z"
                            />
                          </svg>
                        </button>
                      </div>
                    </div>
                  </td>
                  <td
                    class="MuiTableCell-root MuiTableCell-body MuiTableCell-sizeSmall css-x59lm5-MuiTableCell-root"
                  >
                    <div
                      class="MuiBox-root css-juilq5"
                      data-testid="track-track-0002-field-title"
                    >
                      <div
                        class="MuiTypography-root MuiTypography-body2 css-1a0r76o-MuiTypography-root"
                      >
                        Title
                      </div>
                      <div
                        class="MuiBox-root css-1jl9svn"
                      >
                        <button
                          aria-disabled="false"
                          aria-label="Edit Title: Freddie Freeloader"
                          class="MuiButtonBase-root css-18qmnky-MuiButtonBase-root"
                          data-testid="track-track-0002-value-title"
                          tabindex="0"
                          title="Click to edit Title"
                          type="button"
                        >
                          <span
                            class="MuiBox-root css-idlrhm"
                          >
                            Freddie Freeloader
                          </span>
                          <svg
                            aria-hidden="true"
                            class="MuiSvgIcon-root MuiSvgIcon-fontSizeMedium css-9i2ntv-MuiSvgIcon-root"
                            data-testid="EditIcon"
                            focusable="false"
                            viewBox="0 0 24 24"
                          >
                            <path
                              d="M3 17.25V21h3.75L17.81 9.94l-3.75-3.75zM20.71 7.04c.39-.39.39-1.02 0-1.41l-2.34-2.34a.996.996 0 0 0-1.41 0l-1.83 1.83 3.75 3.75z"
                            />
                          </svg>
                        </button>
                      </div>
                    </div>
                  </td>
                  <td
                    class="MuiTableCell-root MuiTableCell-body MuiTableCell-sizeSmall css-x59lm5-MuiTableCell-root"
                  >
                    <div
                      class="MuiBox-root css-juilq5"
                      data-testid="track-track-0002-field-artist"
                    >
                      <div
                        class="MuiTypography-root MuiTypography-body2 css-1a0r76o-MuiTypography-root"
                      >
                        Artist
                      </div>
                      <div
                        class="MuiBox-root css-1jl9svn"
                      >
                        <button
                          aria-disabled="false"
                          aria-label="Edit Artist: (empty)"
                          class="MuiButtonBase-root css-18qmnky-MuiButtonBase-root"
                          data-testid="track-track-0002-value-artist"
                          tabindex="0"
                          title="Click to edit Artist"
                          type="button"
                        >
                          <span
                            class="MuiBox-root css-idlrhm"
                          >
                            <span
                              class="MuiBox-root css-sjqfzd"
                            >
                              (empty - click to set)
                            </span>
                          </span>
                          <svg
                            aria-hidden="true"
                            class="MuiSvgIcon-root MuiSvgIcon-fontSizeMedium css-9i2ntv-MuiSvgIcon-root"
                            data-testid="EditIcon"
                            focusable="false"
                            viewBox="0 0 24 24"
                          >
                            <path
                              d="M3 17.25V21h3.75L17.81 9.94l-3.75-3.75zM20.71 7.04c.39-.39.39-1.02 0-1.41l-2.34-2.34a.996.996 0 0 0-1.41 0l-1.83 1.83 3.75 3.75z"
                            />
                          </svg>
                        </button>
                      </div>
                    </div>
                  </td>
                  <td
                    class="MuiTableCell-root MuiTableCell-body MuiTableCell-sizeSmall css-x59lm5-MuiTableCell-root"
                  >
                    9:46
                  </td>
                  <td
                    class="MuiTableCell-root MuiTableCell-body MuiTableCell-sizeSmall css-5z3e6t-MuiTableCell-root"
                  >
                    <button
                      aria-label="Show file path for track Freddie Freeloader"
                      class="MuiButtonBase-root MuiIconButton-root MuiIconButton-sizeSmall css-mo314w-MuiButtonBase-root-MuiIconButton-root"
                      data-testid="track-track-0002-file-path-btn"
                      tabindex="0"
                      type="button"
                    >
                      <svg
                        aria-hidden="true"
                        class="MuiSvgIcon-root MuiSvgIcon-fontSizeSmall css-1ud1u39-MuiSvgIcon-root"
                        data-testid="InfoOutlinedIcon"
                        focusable="false"
                        viewBox="0 0 24 24"
                      >
                        <path
                          d="M11 7h2v2h-2zm0 4h2v6h-2zm1-9C6.48 2 2 6.48 2 12s4.48 10 10 10 10-4.48 10-10S17.52 2 12 2m0 18c-4.41 0-8-3.59-8-8s3.59-8 8-8 8 3.59 8 8-3.59 8-8 8"
                        />
                      </svg>
                    </button>
                  </td>
                </tr>
                <tr
                  class="MuiTableRow-root MuiTableRow-hover css-92sqde-MuiTableRow-root"
                  data-testid="track-row-track-0003"
                >
                  <td
                    class="MuiTableCell-root MuiTableCell-body MuiTableCell-sizeSmall css-x59lm5-MuiTableCell-root"
                  >
                    <div
                      class="MuiBox-root css-juilq5"
                      data-testid="track-track-0003-field-tracknumber"
                    >
                      <div
                        class="MuiTypography-root MuiTypography-body2 css-1a0r76o-MuiTypography-root"
                      >
                        Track number
                      </div>
                      <div
                        class="MuiBox-root css-1jl9svn"
                      >
                        <button
                          aria-disabled="false"
                          aria-label="Edit Track number: 3"
                          class="MuiButtonBase-root css-18qmnky-MuiButtonBase-root"
                          data-testid="track-track-0003-value-tracknumber"
                          tabindex="0"
                          title="Click to edit Track number"
                          type="button"
                        >
                          <span
                            class="MuiBox-root css-idlrhm"
                          >
                            3
                          </span>
                          <svg
                            aria-hidden="true"
                            class="MuiSvgIcon-root MuiSvgIcon-fontSizeMedium css-9i2ntv-MuiSvgIcon-root"
                            data-testid="EditIcon"
                            focusable="false"
                            viewBox="0 0 24 24"
                          >
                            <path
                              d="M3 17.25V21h3.75L17.81 9.94l-3.75-3.75zM20.71 7.04c.39-.39.39-1.02 0-1.41l-2.34-2.34a.996.996 0 0 0-1.41 0l-1.83 1.83 3.75 3.75z"
                            />
                          </svg>
                        </button>
                      </div>
                    </div>
                  </td>
                  <td
                    class="MuiTableCell-root MuiTableCell-body MuiTableCell-sizeSmall css-x59lm5-MuiTableCell-root"
                  >
                    <div
                      class="MuiBox-root css-juilq5"
                      data-testid="track-track-0003-field-title"
                    >
                      <div
                        class="MuiTypography-root MuiTypography-body2 css-1a0r76o-MuiTypography-root"
                      >
                        Title
                      </div>
                      <div
                        class="MuiBox-root css-1jl9svn"
                      >
                        <button
                          aria-disabled="false"
                          aria-label="Edit Title: Blue in Green"
                          class="MuiButtonBase-root css-18qmnky-MuiButtonBase-root"
                          data-testid="track-track-0003-value-title"
                          tabindex="0"
                          title="Click to edit Title"
                          type="button"
                        >
                          <span
                            class="MuiBox-root css-idlrhm"
                          >
                            Blue in Green
                          </span>
                          <svg
                            aria-hidden="true"
                            class="MuiSvgIcon-root MuiSvgIcon-fontSizeMedium css-9i2ntv-MuiSvgIcon-root"
                            data-testid="EditIcon"
                            focusable="false"
                            viewBox="0 0 24 24"
                          >
                            <path
                              d="M3 17.25V21h3.75L17.81 9.94l-3.75-3.75zM20.71 7.04c.39-.39.39-1.02 0-1.41l-2.34-2.34a.996.996 0 0 0-1.41 0l-1.83 1.83 3.75 3.75z"
                            />
                          </svg>
                        </button>
                      </div>
                    </div>
                  </td>
                  <td
                    class="MuiTableCell-root MuiTableCell-body MuiTableCell-sizeSmall css-x59lm5-MuiTableCell-root"
                  >
                    <div
                      class="MuiBox-root css-juilq5"
                      data-testid="track-track-0003-field-artist"
                    >
                      <div
                        class="MuiTypography-root MuiTypography-body2 css-1a0r76o-MuiTypography-root"
                      >
                        Artist
                      </div>
                      <div
                        class="MuiBox-root css-1jl9svn"
                      >
                        <button
                          aria-disabled="false"
                          aria-label="Edit Artist: (empty)"
                          class="MuiButtonBase-root css-18qmnky-MuiButtonBase-root"
                          data-testid="track-track-0003-value-artist"
                          tabindex="0"
                          title="Click to edit Artist"
                          type="button"
                        >
                          <span
                            class="MuiBox-root css-idlrhm"
                          >
                            <span
                              class="MuiBox-root css-sjqfzd"
                            >
                              (empty - click to set)
                            </span>
                          </span>
                          <svg
                            aria-hidden="true"
                            class="MuiSvgIcon-root MuiSvgIcon-fontSizeMedium css-9i2ntv-MuiSvgIcon-root"
                            data-testid="EditIcon"
                            focusable="false"
                            viewBox="0 0 24 24"
                          >
                            <path
                              d="M3 17.25V21h3.75L17.81 9.94l-3.75-3.75zM20.71 7.04c.39-.39.39-1.02 0-1.41l-2.34-2.34a.996.996 0 0 0-1.41 0l-1.83 1.83 3.75 3.75z"
                            />
                          </svg>
                        </button>
                      </div>
                    </div>
                  </td>
                  <td
                    class="MuiTableCell-root MuiTableCell-body MuiTableCell-sizeSmall css-x59lm5-MuiTableCell-root"
                  >
                    5:37
                  </td>
                  <td
                    class="MuiTableCell-root MuiTableCell-body MuiTableCell-sizeSmall css-5z3e6t-MuiTableCell-root"
                  >
                    <button
                      aria-label="Show file path for track Blue in Green"
                      class="MuiButtonBase-root MuiIconButton-root MuiIconButton-sizeSmall css-mo314w-MuiButtonBase-root-MuiIconButton-root"
                      data-testid="track-track-0003-file-path-btn"
                      tabindex="0"
                      type="button"
                    >
                      <svg
                        aria-hidden="true"
                        class="MuiSvgIcon-root MuiSvgIcon-fontSizeSmall css-1ud1u39-MuiSvgIcon-root"
                        data-testid="InfoOutlinedIcon"
                        focusable="false"
                        viewBox="0 0 24 24"
                      >
                        <path
                          d="M11 7h2v2h-2zm0 4h2v6h-2zm1-9C6.48 2 2 6.48 2 12s4.48 10 10 10 10-4.48 10-10S17.52 2 12 2m0 18c-4.41 0-8-3.59-8-8s3.59-8 8-8 8 3.59 8 8-3.59 8-8 8"
                        />
                      </svg>
                    </button>
                  </td>
                </tr>
              </tbody>
            </table>
          </div>
        </section>
      </div>
    </div>
  </article>
</div>
`;

exports[`AlbumDetail visual regression > matches the loaded-detail snapshot in light theme 1`] = `
<div>
  <article
    aria-label="Album tags"
    class="MuiBox-root css-1lmvkmd"
  >
    <h1
      class="MuiTypography-root MuiTypography-h1 css-ua3tq8-MuiTypography-root"
    >
      Kind of Blue
    </h1>
    <button
      class="MuiButtonBase-root MuiButton-root MuiButton-outlined MuiButton-sizeMedium MuiButton-colorPrimary css-13hn3zu-MuiButtonBase-root-MuiButton-root"
      data-testid="back-button"
      tabindex="0"
      type="button"
    >
      <span
        class="MuiButton-icon MuiButton-startIcon css-1lxyhll-MuiButton-startIcon"
      >
        <svg
          aria-hidden="true"
          class="MuiSvgIcon-root MuiSvgIcon-fontSizeMedium css-4uxqju-MuiSvgIcon-root"
          data-testid="ArrowBackIcon"
          focusable="false"
          viewBox="0 0 24 24"
        >
          <path
            d="M20 11H7.83l5.59-5.59L12 4l-8 8 8 8 1.41-1.41L7.83 13H20z"
          />
        </svg>
      </span>
      Back
    </button>
    <section
      aria-labelledby="hero-album-title"
      class="MuiBox-root css-1x7nj5q"
      data-testid="album-hero-header"
    >
      <div
        aria-hidden="true"
        class="MuiBox-root css-1ty2qe2"
        data-testid="hero-cover-placeholder"
      />
      <div
        class="MuiBox-root css-bly4bm"
        data-testid="hero-metadata"
      >
        <h2
          class="MuiTypography-root MuiTypography-h5 css-n9kgla-MuiTypography-root"
          data-testid="hero-artist"
        >
          Miles Davis
        </h2>
        <h3
          class="MuiTypography-root MuiTypography-h4 css-1xy6faa-MuiTypography-root"
          data-testid="hero-album-title"
          id="hero-album-title"
        >
          Kind of Blue
        </h3>
        <p
          class="MuiTypography-root MuiTypography-body1 css-1fz3vqa-MuiTypography-root"
          data-testid="hero-label-catalog"
        >
          Columbia - CL 1355
        </p>
        <p
          class="MuiTypography-root MuiTypography-body2 css-19cl65r-MuiTypography-root"
          data-testid="hero-release-date"
        >
          1959
        </p>
        <ul
          aria-label="Genre tags"
          class="MuiBox-root css-toc6l2"
          data-testid="hero-genre-chips"
          role="list"
        >
          <li
            role="listitem"
          >
            <div
              class="MuiChip-root MuiChip-outlined MuiChip-sizeSmall MuiChip-colorDefault css-t4kuez-MuiChip-root"
            >
              <span
                class="MuiChip-label css-19m61dl-MuiChip-label"
              >
                Jazz
              </span>
            </div>
          </li>
        </ul>
      </div>
    </section>
    <div
      class="MuiBox-root css-1ube9x9"
      data-testid="two-column-layout"
    >
      <div
        class="MuiBox-root css-1rsbvsd"
        data-testid="metadata-column"
      >
        <section
          aria-labelledby="album-tags-heading"
          class="MuiBox-root css-0"
        >
          <h2
            class="MuiTypography-root MuiTypography-h6 css-9xjr39-MuiTypography-root"
            id="album-tags-heading"
          >
            Album Tags
          </h2>
          <div
            class="MuiBox-root css-opajo7"
          >
            <p
              class="MuiTypography-root MuiTypography-body2 css-1nwmiw8-MuiTypography-root"
            >
              Album path
            </p>
            <span
              class="MuiBox-root css-1iwpvdr"
              data-testid="album-path"
            >
              <span
                class="MuiBox-root css-1gp2pk"
                title="Jazz/Miles Davis/Kind of Blue"
              >
                Jazz/Miles Davis/Kind of Blue
              </span>
              <button
                aria-label="Copy Album path"
                class="MuiButtonBase-root MuiButton-root MuiButton-outlined MuiButton-sizeSmall MuiButton-colorPrimary css-155j4wy-MuiButtonBase-root-MuiButton-root"
                data-testid="album-path-copy"
                tabindex="0"
                type="button"
              >
                Copy
              </button>
            </span>
          </div>
          <p
            class="MuiTypography-root MuiTypography-body2 css-1v1eyp-MuiTypography-root"
            data-testid="edit-scope-notice"
            id="edit-scope-notice"
          >
            Editing these tags will update all 3 files in this album's directory. Click any field to edit.
          </p>
          <dl
            class="MuiBox-root css-19fyy6c"
            id="album-tags"
          >
            <div
              class="MuiBox-root css-juilq5"
              data-testid="album-field-album"
            >
              <dt
                class="MuiTypography-root MuiTypography-body2 css-545jyv-MuiTypography-root"
              >
                Album
              </dt>
              <dd
                class="MuiBox-root css-1jl9svn"
              >
                <button
                  aria-disabled="false"
                  aria-label="Edit Album: Kind of Blue"
                  class="MuiButtonBase-root css-18qmnky-MuiButtonBase-root"
                  data-testid="album-value-album"
                  tabindex="0"
                  title="Click to edit Album"
                  type="button"
                >
                  <span
                    class="MuiBox-root css-idlrhm"
                  >
                    Kind of Blue
                  </span>
                  <svg
                    aria-hidden="true"
                    class="MuiSvgIcon-root MuiSvgIcon-fontSizeMedium css-9i2ntv-MuiSvgIcon-root"
                    data-testid="EditIcon"
                    focusable="false"
                    viewBox="0 0 24 24"
                  >
                    <path
                      d="M3 17.25V21h3.75L17.81 9.94l-3.75-3.75zM20.71 7.04c.39-.39.39-1.02 0-1.41l-2.34-2.34a.996.996 0 0 0-1.41 0l-1.83 1.83 3.75 3.75z"
                    />
                  </svg>
                </button>
              </dd>
            </div>
            <div
              class="MuiBox-root css-juilq5"
              data-testid="album-field-albumartist"
            >
              <dt
                class="MuiTypography-root MuiTypography-body2 css-545jyv-MuiTypography-root"
              >
                Album Artist
              </dt>
              <dd
                class="MuiBox-root css-1jl9svn"
              >
                <button
                  aria-disabled="false"
                  aria-label="Edit Album Artist: Miles Davis"
                  class="MuiButtonBase-root css-18qmnky-MuiButtonBase-root"
                  data-testid="album-value-albumartist"
                  tabindex="0"
                  title="Click to edit Album Artist"
                  type="button"
                >
                  <span
                    class="MuiBox-root css-idlrhm"
                  >
                    Miles Davis
                  </span>
                  <svg
                    aria-hidden="true"
                    class="MuiSvgIcon-root MuiSvgIcon-fontSizeMedium css-9i2ntv-MuiSvgIcon-root"
                    data-testid="EditIcon"
                    focusable="false"
                    viewBox="0 0 24 24"
                  >
                    <path
                      d="M3 17.25V21h3.75L17.81 9.94l-3.75-3.75zM20.71 7.04c.39-.39.39-1.02 0-1.41l-2.34-2.34a.996.996 0 0 0-1.41 0l-1.83 1.83 3.75 3.75z"
                    />
                  </svg>
                </button>
              </dd>
            </div>
            <div
              class="MuiBox-root css-juilq5"
              data-testid="album-field-date"
            >
              <dt
                class="MuiTypography-root MuiTypography-body2 css-545jyv-MuiTypography-root"
              >
                Date
              </dt>
              <dd
                class="MuiBox-root css-1jl9svn"
              >
                <button
                  aria-disabled="false"
                  aria-label="Edit Date: 1959"
                  class="MuiButtonBase-root css-18qmnky-MuiButtonBase-root"
                  data-testid="album-value-date"
                  tabindex="0"
                  title="Click to edit Date"
                  type="button"
                >
                  <span
                    class="MuiBox-root css-idlrhm"
                  >
                    1959
                  </span>
                  <svg
                    aria-hidden="true"
                    class="MuiSvgIcon-root MuiSvgIcon-fontSizeMedium css-9i2ntv-MuiSvgIcon-root"
                    data-testid="EditIcon"
                    focusable="false"
                    viewBox="0 0 24 24"
                  >
                    <path
                      d="M3 17.25V21h3.75L17.81 9.94l-3.75-3.75zM20.71 7.04c.39-.39.39-1.02 0-1.41l-2.34-2.34a.996.996 0 0 0-1.41 0l-1.83 1.83 3.75 3.75z"
                    />
                  </svg>
                </button>
              </dd>
            </div>
            <div
              class="MuiBox-root css-juilq5"
              data-testid="album-field-genre"
            >
              <dt
                class="MuiTypography-root MuiTypography-body2 css-545jyv-MuiTypography-root"
              >
                Genre
              </dt>
              <dd
                class="MuiBox-root css-1jl9svn"
              >
                <button
                  aria-disabled="false"
                  aria-label="Edit Genre: Jazz"
                  class="MuiButtonBase-root css-18qmnky-MuiButtonBase-root"
                  data-testid="album-value-genre"
                  tabindex="0"
                  title="Click to edit Genre"
                  type="button"
                >
                  <span
                    class="MuiBox-root css-idlrhm"
                  >
                    Jazz
                  </span>
                  <svg
                    aria-hidden="true"
                    class="MuiSvgIcon-root MuiSvgIcon-fontSizeMedium css-9i2ntv-MuiSvgIcon-root"
                    data-testid="EditIcon"
                    focusable="false"
                    viewBox="0 0 24 24"
                  >
                    <path
                      d="M3 17.25V21h3.75L17.81 9.94l-3.75-3.75zM20.71 7.04c.39-.39.39-1.02 0-1.41l-2.34-2.34a.996.996 0 0 0-1.41 0l-1.83 1.83 3.75 3.75z"
                    />
                  </svg>
                </button>
              </dd>
            </div>
            <div
              class="MuiBox-root css-juilq5"
              data-testid="album-field-label"
            >
              <dt
                class="MuiTypography-root MuiTypography-body2 css-545jyv-MuiTypography-root"
              >
                Label
              </dt>
              <dd
                class="MuiBox-root css-1jl9svn"
              >
                <button
                  aria-disabled="false"
                  aria-label="Edit Label: Columbia"
                  class="MuiButtonBase-root css-18qmnky-MuiButtonBase-root"
                  data-testid="album-value-label"
                  tabindex="0"
                  title="Click to edit Label"
                  type="button"
                >
                  <span
                    class="MuiBox-root css-idlrhm"
                  >
                    Columbia
                  </span>
                  <svg
                    aria-hidden="true"
                    class="MuiSvgIcon-root MuiSvgIcon-fontSizeMedium css-9i2ntv-MuiSvgIcon-root"
                    data-testid="EditIcon"
                    focusable="false"
                    viewBox="0 0 24 24"
                  >
                    <path
                      d="M3 17.25V21h3.75L17.81 9.94l-3.75-3.75zM20.71 7.04c.39-.39.39-1.02 0-1.41l-2.34-2.34a.996.996 0 0 0-1.41 0l-1.83 1.83 3.75 3.75z"
                    />
                  </svg>
                </button>
              </dd>
            </div>
            <div
              class="MuiBox-root css-juilq5"
              data-testid="album-field-catalognumber"
            >
              <dt
                class="MuiTypography-root MuiTypography-body2 css-545jyv-MuiTypography-root"
              >
                Catalog #
              </dt>
              <dd
                class="MuiBox-root css-1jl9svn"
              >
                <button
                  aria-disabled="false"
                  aria-label="Edit Catalog #: CL 1355"
                  class="MuiButtonBase-root css-18qmnky-MuiButtonBase-root"
                  data-testid="album-value-catalognumber"
                  tabindex="0"
                  title="Click to edit Catalog #"
                  type="button"
                >
                  <span
                    class="MuiBox-root css-idlrhm"
                  >
                    CL 1355
                  </span>
                  <svg
                    aria-hidden="true"
                    class="MuiSvgIcon-root MuiSvgIcon-fontSizeMedium css-9i2ntv-MuiSvgIcon-root"
                    data-testid="EditIcon"
                    focusable="false"
                    viewBox="0 0 24 24"
                  >
                    <path
                      d="M3 17.25V21h3.75L17.81 9.94l-3.75-3.75zM20.71 7.04c.39-.39.39-1.02 0-1.41l-2.34-2.34a.996.996 0 0 0-1.41 0l-1.83 1.83 3.75 3.75z"
                    />
                  </svg>
                </button>
              </dd>
            </div>
            <div
              class="MuiBox-root css-juilq5"
              data-testid="album-field-composer"
            >
              <dt
                class="MuiTypography-root MuiTypography-body2 css-545jyv-MuiTypography-root"
              >
                Composer
              </dt>
              <dd
                class="MuiBox-root css-1jl9svn"
              >
                <button
                  aria-disabled="false"
                  aria-label="Edit Composer: Miles Davis"
                  class="MuiButtonBase-root css-18qmnky-MuiButtonBase-root"
                  data-testid="album-value-composer"
                  tabindex="0"
                  title="Click to edit Composer"
                  type="button"
                >
                  <span
                    class="MuiBox-root css-idlrhm"
                  >
                    Miles Davis
                  </span>
                  <svg
                    aria-hidden="true"
                    class="MuiSvgIcon-root MuiSvgIcon-fontSizeMedium css-9i2ntv-MuiSvgIcon-root"
                    data-testid="EditIcon"
                    focusable="false"
                    viewBox="0 0 24 24"
                  >
                    <path
                      d="M3 17.25V21h3.75L17.81 9.94l-3.75-3.75zM20.71 7.04c.39-.39.39-1.02 0-1.41l-2.34-2.34a.996.996 0 0 0-1.41 0l-1.83 1.83 3.75 3.75z"
                    />
                  </svg>
                </button>
              </dd>
            </div>
            <div
              class="MuiBox-root css-juilq5"
              data-testid="album-field-conductor"
            >
              <dt
                class="MuiTypography-root MuiTypography-body2 css-545jyv-MuiTypography-root"
              >
                Conductor
              </dt>
              <dd
                class="MuiBox-root css-1jl9svn"
              >
                <button
                  aria-disabled="false"
                  aria-label="Edit Conductor: (empty)"
                  class="MuiButtonBase-root css-18qmnky-MuiButtonBase-root"
                  data-testid="album-value-conductor"
                  tabindex="0"
                  title="Click to edit Conductor"
                  type="button"
                >
                  <span
                    class="MuiBox-root css-idlrhm"
                  >
                    <span
                      class="MuiBox-root css-sjqfzd"
                    >
                      (empty - click to set)
                    </span>
                  </span>
                  <svg
                    aria-hidden="true"
                    class="MuiSvgIcon-root MuiSvgIcon-fontSizeMedium css-9i2ntv-MuiSvgIcon-root"
                    data-testid="EditIcon"
                    focusable="false"
                    viewBox="0 0 24 24"
                  >
                    <path
                      d="M3 17.25V21h3.75L17.81 9.94l-3.75-3.75zM20.71 7.04c.39-.39.39-1.02 0-1.41l-2.34-2.34a.996.996 0 0 0-1.41 0l-1.83 1.83 3.75 3.75z"
                    />
                  </svg>
                </button>
              </dd>
            </div>
            <div
              class="MuiBox-root css-juilq5"
              data-testid="album-field-ensemble"
            >
              <dt
                class="MuiTypography-root MuiTypography-body2 css-545jyv-MuiTypography-root"
              >
                Ensemble
              </dt>
              <dd
                class="MuiBox-root css-1jl9svn"
              >
                <button
                  aria-disabled="false"
                  aria-label="Edit Ensemble: Miles Davis Sextet"
                  class="MuiButtonBase-root css-18qmnky-MuiButtonBase-root"
                  data-testid="album-value-ensemble"
                  tabindex="0"
                  title="Click to edit Ensemble"
                  type="button"
                >
                  <span
                    class="MuiBox-root css-idlrhm"
                  >
                    Miles Davis Sextet
                  </span>
                  <svg
                    aria-hidden="true"
                    class="MuiSvgIcon-root MuiSvgIcon-fontSizeMedium css-9i2ntv-MuiSvgIcon-root"
                    data-testid="EditIcon"
                    focusable="false"
                    viewBox="0 0 24 24"
                  >
                    <path
                      d="M3 17.25V21h3.75L17.81 9.94l-3.75-3.75zM20.71 7.04c.39-.39.39-1.02 0-1.41l-2.34-2.34a.996.996 0 0 0-1.41 0l-1.83 1.83 3.75 3.75z"
                    />
                  </svg>
                </button>
              </dd>
            </div>
          </dl>
          <div
            class="MuiBox-root css-5jimel"
          >
            <button
              aria-label="Save - no pending changes"
              class="MuiButtonBase-root Mui-disabled MuiButton-root MuiButton-contained MuiButton-sizeMedium MuiButton-colorPrimary css-1nxy3ah-MuiButtonBase-root-MuiButton-root"
              data-testid="save-button"
              disabled=""
              tabindex="-1"
              type="button"
            >
              Save
            </button>
          </div>
        </section>
        <section
          aria-label="Other tags"
          class="MuiBox-root css-0"
          data-testid="other-tags-section"
        >
          <h2
            class="MuiTypography-root MuiTypography-subtitle1 css-ggfy3f-MuiTypography-root"
          >
            Other tags
          </h2>
          <p
            class="MuiTypography-root MuiTypography-caption css-f11qrl-MuiTypography-root"
          >
            Non-standard tags found in these files. Read-only in this version.
          </p>
          <p
            class="MuiTypography-root MuiTypography-body2 css-19cl65r-MuiTypography-root"
            data-testid="other-tags-empty"
          >
            No additional tags.
          </p>
        </section>
        <section
          aria-label="Discogs sync"
          class="MuiBox-root css-0"
        >
          <div
            data-testid="sync-panel"
          />
        </section>
      </div>
      <div
        class="MuiBox-root css-31l7gp"
        data-testid="tracklist-column"
      >
        <section
          aria-label="Tracks"
          class="MuiBox-root css-0"
        >
          <h2
            class="MuiTypography-root MuiTypography-h6 css-9xjr39-MuiTypography-root"
          >
            Tracks
          </h2>
          <div
            class="MuiTableContainer-root css-70zvr5-MuiTableContainer-root"
          >
            <table
              aria-label="Tracks"
              class="MuiTable-root css-14v49c2-MuiTable-root"
            >
              <thead
                class="MuiTableHead-root css-1a7iywq-MuiTableHead-root"
              >
                <tr
                  class="MuiTableRow-root MuiTableRow-head css-92sqde-MuiTableRow-root"
                >
                  <th
                    class="MuiTableCell-root MuiTableCell-head MuiTableCell-sizeSmall css-6372fc-MuiTableCell-root"
                    scope="col"
                  >
                    Position
                  </th>
                  <th
                    class="MuiTableCell-root MuiTableCell-head MuiTableCell-sizeSmall css-6372fc-MuiTableCell-root"
                    scope="col"
                  >
                    Title
                  </th>
                  <th
                    class="MuiTableCell-root MuiTableCell-head MuiTableCell-sizeSmall css-6372fc-MuiTableCell-root"
                    scope="col"
                  >
                    Artist
                  </th>
                  <th
                    class="MuiTableCell-root MuiTableCell-head MuiTableCell-sizeSmall css-6372fc-MuiTableCell-root"
                    scope="col"
                  >
                    Duration
                  </th>
                  <th
                    aria-label="Actions"
                    class="MuiTableCell-root MuiTableCell-head MuiTableCell-sizeSmall css-6372fc-MuiTableCell-root"
                    scope="col"
                  />
                </tr>
              </thead>
              <tbody
                class="MuiTableBody-root css-gmh7jj-MuiTableBody-root"
              >
                <tr
                  class="MuiTableRow-root MuiTableRow-hover css-92sqde-MuiTableRow-root"
                  data-testid="track-row-track-0001"
                >
                  <td
                    class="MuiTableCell-root MuiTableCell-body MuiTableCell-sizeSmall css-x59lm5-MuiTableCell-root"
                  >
                    <div
                      class="MuiBox-root css-juilq5"
                      data-testid="track-track-0001-field-tracknumber"
                    >
                      <div
                        class="MuiTypography-root MuiTypography-body2 css-1a0r76o-MuiTypography-root"
                      >
                        Track number
                      </div>
                      <div
                        class="MuiBox-root css-1jl9svn"
                      >
                        <button
                          aria-disabled="false"
                          aria-label="Edit Track number: 1"
                          class="MuiButtonBase-root css-18qmnky-MuiButtonBase-root"
                          data-testid="track-track-0001-value-tracknumber"
                          tabindex="0"
                          title="Click to edit Track number"
                          type="button"
                        >
                          <span
                            class="MuiBox-root css-idlrhm"
                          >
                            1
                          </span>
                          <svg
                            aria-hidden="true"
                            class="MuiSvgIcon-root MuiSvgIcon-fontSizeMedium css-9i2ntv-MuiSvgIcon-root"
                            data-testid="EditIcon"
                            focusable="false"
                            viewBox="0 0 24 24"
                          >
                            <path
                              d="M3 17.25V21h3.75L17.81 9.94l-3.75-3.75zM20.71 7.04c.39-.39.39-1.02 0-1.41l-2.34-2.34a.996.996 0 0 0-1.41 0l-1.83 1.83 3.75 3.75z"
                            />
                          </svg>
                        </button>
                      </div>
                    </div>
                  </td>
                  <td
                    class="MuiTableCell-root MuiTableCell-body MuiTableCell-sizeSmall css-x59lm5-MuiTableCell-root"
                  >
                    <div
                      class="MuiBox-root css-juilq5"
                      data-testid="track-track-0001-field-title"
                    >
                      <div
                        class="MuiTypography-root MuiTypography-body2 css-1a0r76o-MuiTypography-root"
                      >
                        Title
                      </div>
                      <div
                        class="MuiBox-root css-1jl9svn"
                      >
                        <button
                          aria-disabled="false"
                          aria-label="Edit Title: So What"
                          class="MuiButtonBase-root css-18qmnky-MuiButtonBase-root"
                          data-testid="track-track-0001-value-title"
                          tabindex="0"
                          title="Click to edit Title"
                          type="button"
                        >
                          <span
                            class="MuiBox-root css-idlrhm"
                          >
                            So What
                          </span>
                          <svg
                            aria-hidden="true"
                            class="MuiSvgIcon-root MuiSvgIcon-fontSizeMedium css-9i2ntv-MuiSvgIcon-root"
                            data-testid="EditIcon"
                            focusable="false"
                            viewBox="0 0 24 24"
                          >
                            <path
                              d="M3 17.25V21h3.75L17.81 9.94l-3.75-3.75zM20.71 7.04c.39-.39.39-1.02 0-1.41l-2.34-2.34a.996.996 0 0 0-1.41 0l-1.83 1.83 3.75 3.75z"
                            />
                          </svg>
                        </button>
                      </div>
                    </div>
                  </td>
                  <td
                    class="MuiTableCell-root MuiTableCell-body MuiTableCell-sizeSmall css-x59lm5-MuiTableCell-root"
                  >
                    <div
                      class="MuiBox-root css-juilq5"
                      data-testid="track-track-0001-field-artist"
                    >
                      <div
                        class="MuiTypography-root MuiTypography-body2 css-1a0r76o-MuiTypography-root"
                      >
                        Artist
                      </div>
                      <div
                        class="MuiBox-root css-1jl9svn"
                      >
                        <button
                          aria-disabled="false"
                          aria-label="Edit Artist: (empty)"
                          class="MuiButtonBase-root css-18qmnky-MuiButtonBase-root"
                          data-testid="track-track-0001-value-artist"
                          tabindex="0"
                          title="Click to edit Artist"
                          type="button"
                        >
                          <span
                            class="MuiBox-root css-idlrhm"
                          >
                            <span
                              class="MuiBox-root css-sjqfzd"
                            >
                              (empty - click to set)
                            </span>
                          </span>
                          <svg
                            aria-hidden="true"
                            class="MuiSvgIcon-root MuiSvgIcon-fontSizeMedium css-9i2ntv-MuiSvgIcon-root"
                            data-testid="EditIcon"
                            focusable="false"
                            viewBox="0 0 24 24"
                          >
                            <path
                              d="M3 17.25V21h3.75L17.81 9.94l-3.75-3.75zM20.71 7.04c.39-.39.39-1.02 0-1.41l-2.34-2.34a.996.996 0 0 0-1.41 0l-1.83 1.83 3.75 3.75z"
                            />
                          </svg>
                        </button>
                      </div>
                    </div>
                  </td>
                  <td
                    class="MuiTableCell-root MuiTableCell-body MuiTableCell-sizeSmall css-x59lm5-MuiTableCell-root"
                  >
                    9:25
                  </td>
                  <td
                    class="MuiTableCell-root MuiTableCell-body MuiTableCell-sizeSmall css-5z3e6t-MuiTableCell-root"
                  >
                    <button
                      aria-label="Show file path for track So What"
                      class="MuiButtonBase-root MuiIconButton-root MuiIconButton-sizeSmall css-mo314w-MuiButtonBase-root-MuiIconButton-root"
                      data-testid="track-track-0001-file-path-btn"
                      tabindex="0"
                      type="button"
                    >
                      <svg
                        aria-hidden="true"
                        class="MuiSvgIcon-root MuiSvgIcon-fontSizeSmall css-1ud1u39-MuiSvgIcon-root"
                        data-testid="InfoOutlinedIcon"
                        focusable="false"
                        viewBox="0 0 24 24"
                      >
                        <path
                          d="M11 7h2v2h-2zm0 4h2v6h-2zm1-9C6.48 2 2 6.48 2 12s4.48 10 10 10 10-4.48 10-10S17.52 2 12 2m0 18c-4.41 0-8-3.59-8-8s3.59-8 8-8 8 3.59 8 8-3.59 8-8 8"
                        />
                      </svg>
                    </button>
                  </td>
                </tr>
                <tr
                  class="MuiTableRow-root MuiTableRow-hover css-92sqde-MuiTableRow-root"
                  data-testid="track-row-track-0002"
                >
                  <td
                    class="MuiTableCell-root MuiTableCell-body MuiTableCell-sizeSmall css-x59lm5-MuiTableCell-root"
                  >
                    <div
                      class="MuiBox-root css-juilq5"
                      data-testid="track-track-0002-field-tracknumber"
                    >
                      <div
                        class="MuiTypography-root MuiTypography-body2 css-1a0r76o-MuiTypography-root"
                      >
                        Track number
                      </div>
                      <div
                        class="MuiBox-root css-1jl9svn"
                      >
                        <button
                          aria-disabled="false"
                          aria-label="Edit Track number: 2"
                          class="MuiButtonBase-root css-18qmnky-MuiButtonBase-root"
                          data-testid="track-track-0002-value-tracknumber"
                          tabindex="0"
                          title="Click to edit Track number"
                          type="button"
                        >
                          <span
                            class="MuiBox-root css-idlrhm"
                          >
                            2
                          </span>
                          <svg
                            aria-hidden="true"
                            class="MuiSvgIcon-root MuiSvgIcon-fontSizeMedium css-9i2ntv-MuiSvgIcon-root"
                            data-testid="EditIcon"
                            focusable="false"
                            viewBox="0 0 24 24"
                          >
                            <path
                              d="M3 17.25V21h3.75L17.81 9.94l-3.75-3.75zM20.71 7.04c.39-.39.39-1.02 0-1.41l-2.34-2.34a.996.996 0 0 0-1.41 0l-1.83 1.83 3.75 3.75z"
                            />
                          </svg>
                        </button>
                      </div>
                    </div>
                  </td>
                  <td
                    class="MuiTableCell-root MuiTableCell-body MuiTableCell-sizeSmall css-x59lm5-MuiTableCell-root"
                  >
                    <div
                      class="MuiBox-root css-juilq5"
                      data-testid="track-track-0002-field-title"
                    >
                      <div
                        class="MuiTypography-root MuiTypography-body2 css-1a0r76o-MuiTypography-root"
                      >
                        Title
                      </div>
                      <div
                        class="MuiBox-root css-1jl9svn"
                      >
                        <button
                          aria-disabled="false"
                          aria-label="Edit Title: Freddie Freeloader"
                          class="MuiButtonBase-root css-18qmnky-MuiButtonBase-root"
                          data-testid="track-track-0002-value-title"
                          tabindex="0"
                          title="Click to edit Title"
                          type="button"
                        >
                          <span
                            class="MuiBox-root css-idlrhm"
                          >
                            Freddie Freeloader
                          </span>
                          <svg
                            aria-hidden="true"
                            class="MuiSvgIcon-root MuiSvgIcon-fontSizeMedium css-9i2ntv-MuiSvgIcon-root"
                            data-testid="EditIcon"
                            focusable="false"
                            viewBox="0 0 24 24"
                          >
                            <path
                              d="M3 17.25V21h3.75L17.81 9.94l-3.75-3.75zM20.71 7.04c.39-.39.39-1.02 0-1.41l-2.34-2.34a.996.996 0 0 0-1.41 0l-1.83 1.83 3.75 3.75z"
                            />
                          </svg>
                        </button>
                      </div>
                    </div>
                  </td>
                  <td
                    class="MuiTableCell-root MuiTableCell-body MuiTableCell-sizeSmall css-x59lm5-MuiTableCell-root"
                  >
                    <div
                      class="MuiBox-root css-juilq5"
                      data-testid="track-track-0002-field-artist"
                    >
                      <div
                        class="MuiTypography-root MuiTypography-body2 css-1a0r76o-MuiTypography-root"
                      >
                        Artist
                      </div>
                      <div
                        class="MuiBox-root css-1jl9svn"
                      >
                        <button
                          aria-disabled="false"
                          aria-label="Edit Artist: (empty)"
                          class="MuiButtonBase-root css-18qmnky-MuiButtonBase-root"
                          data-testid="track-track-0002-value-artist"
                          tabindex="0"
                          title="Click to edit Artist"
                          type="button"
                        >
                          <span
                            class="MuiBox-root css-idlrhm"
                          >
                            <span
                              class="MuiBox-root css-sjqfzd"
                            >
                              (empty - click to set)
                            </span>
                          </span>
                          <svg
                            aria-hidden="true"
                            class="MuiSvgIcon-root MuiSvgIcon-fontSizeMedium css-9i2ntv-MuiSvgIcon-root"
                            data-testid="EditIcon"
                            focusable="false"
                            viewBox="0 0 24 24"
                          >
                            <path
                              d="M3 17.25V21h3.75L17.81 9.94l-3.75-3.75zM20.71 7.04c.39-.39.39-1.02 0-1.41l-2.34-2.34a.996.996 0 0 0-1.41 0l-1.83 1.83 3.75 3.75z"
                            />
                          </svg>
                        </button>
                      </div>
                    </div>
                  </td>
                  <td
                    class="MuiTableCell-root MuiTableCell-body MuiTableCell-sizeSmall css-x59lm5-MuiTableCell-root"
                  >
                    9:46
                  </td>
                  <td
                    class="MuiTableCell-root MuiTableCell-body MuiTableCell-sizeSmall css-5z3e6t-MuiTableCell-root"
                  >
                    <button
                      aria-label="Show file path for track Freddie Freeloader"
                      class="MuiButtonBase-root MuiIconButton-root MuiIconButton-sizeSmall css-mo314w-MuiButtonBase-root-MuiIconButton-root"
                      data-testid="track-track-0002-file-path-btn"
                      tabindex="0"
                      type="button"
                    >
                      <svg
                        aria-hidden="true"
                        class="MuiSvgIcon-root MuiSvgIcon-fontSizeSmall css-1ud1u39-MuiSvgIcon-root"
                        data-testid="InfoOutlinedIcon"
                        focusable="false"
                        viewBox="0 0 24 24"
                      >
                        <path
                          d="M11 7h2v2h-2zm0 4h2v6h-2zm1-9C6.48 2 2 6.48 2 12s4.48 10 10 10 10-4.48 10-10S17.52 2 12 2m0 18c-4.41 0-8-3.59-8-8s3.59-8 8-8 8 3.59 8 8-3.59 8-8 8"
                        />
                      </svg>
                    </button>
                  </td>
                </tr>
                <tr
                  class="MuiTableRow-root MuiTableRow-hover css-92sqde-MuiTableRow-root"
                  data-testid="track-row-track-0003"
                >
                  <td
                    class="MuiTableCell-root MuiTableCell-body MuiTableCell-sizeSmall css-x59lm5-MuiTableCell-root"
                  >
                    <div
                      class="MuiBox-root css-juilq5"
                      data-testid="track-track-0003-field-tracknumber"
                    >
                      <div
                        class="MuiTypography-root MuiTypography-body2 css-1a0r76o-MuiTypography-root"
                      >
                        Track number
                      </div>
                      <div
                        class="MuiBox-root css-1jl9svn"
                      >
                        <button
                          aria-disabled="false"
                          aria-label="Edit Track number: 3"
                          class="MuiButtonBase-root css-18qmnky-MuiButtonBase-root"
                          data-testid="track-track-0003-value-tracknumber"
                          tabindex="0"
                          title="Click to edit Track number"
                          type="button"
                        >
                          <span
                            class="MuiBox-root css-idlrhm"
                          >
                            3
                          </span>
                          <svg
                            aria-hidden="true"
                            class="MuiSvgIcon-root MuiSvgIcon-fontSizeMedium css-9i2ntv-MuiSvgIcon-root"
                            data-testid="EditIcon"
                            focusable="false"
                            viewBox="0 0 24 24"
                          >
                            <path
                              d="M3 17.25V21h3.75L17.81 9.94l-3.75-3.75zM20.71 7.04c.39-.39.39-1.02 0-1.41l-2.34-2.34a.996.996 0 0 0-1.41 0l-1.83 1.83 3.75 3.75z"
                            />
                          </svg>
                        </button>
                      </div>
                    </div>
                  </td>
                  <td
                    class="MuiTableCell-root MuiTableCell-body MuiTableCell-sizeSmall css-x59lm5-MuiTableCell-root"
                  >
                    <div
                      class="MuiBox-root css-juilq5"
                      data-testid="track-track-0003-field-title"
                    >
                      <div
                        class="MuiTypography-root MuiTypography-body2 css-1a0r76o-MuiTypography-root"
                      >
                        Title
                      </div>
                      <div
                        class="MuiBox-root css-1jl9svn"
                      >
                        <button
                          aria-disabled="false"
                          aria-label="Edit Title: Blue in Green"
                          class="MuiButtonBase-root css-18qmnky-MuiButtonBase-root"
                          data-testid="track-track-0003-value-title"
                          tabindex="0"
                          title="Click to edit Title"
                          type="button"
                        >
                          <span
                            class="MuiBox-root css-idlrhm"
                          >
                            Blue in Green
                          </span>
                          <svg
                            aria-hidden="true"
                            class="MuiSvgIcon-root MuiSvgIcon-fontSizeMedium css-9i2ntv-MuiSvgIcon-root"
                            data-testid="EditIcon"
                            focusable="false"
                            viewBox="0 0 24 24"
                          >
                            <path
                              d="M3 17.25V21h3.75L17.81 9.94l-3.75-3.75zM20.71 7.04c.39-.39.39-1.02 0-1.41l-2.34-2.34a.996.996 0 0 0-1.41 0l-1.83 1.83 3.75 3.75z"
                            />
                          </svg>
                        </button>
                      </div>
                    </div>
                  </td>
                  <td
                    class="MuiTableCell-root MuiTableCell-body MuiTableCell-sizeSmall css-x59lm5-MuiTableCell-root"
                  >
                    <div
                      class="MuiBox-root css-juilq5"
                      data-testid="track-track-0003-field-artist"
                    >
                      <div
                        class="MuiTypography-root MuiTypography-body2 css-1a0r76o-MuiTypography-root"
                      >
                        Artist
                      </div>
                      <div
                        class="MuiBox-root css-1jl9svn"
                      >
                        <button
                          aria-disabled="false"
                          aria-label="Edit Artist: (empty)"
                          class="MuiButtonBase-root css-18qmnky-MuiButtonBase-root"
                          data-testid="track-track-0003-value-artist"
                          tabindex="0"
                          title="Click to edit Artist"
                          type="button"
                        >
                          <span
                            class="MuiBox-root css-idlrhm"
                          >
                            <span
                              class="MuiBox-root css-sjqfzd"
                            >
                              (empty - click to set)
                            </span>
                          </span>
                          <svg
                            aria-hidden="true"
                            class="MuiSvgIcon-root MuiSvgIcon-fontSizeMedium css-9i2ntv-MuiSvgIcon-root"
                            data-testid="EditIcon"
                            focusable="false"
                            viewBox="0 0 24 24"
                          >
                            <path
                              d="M3 17.25V21h3.75L17.81 9.94l-3.75-3.75zM20.71 7.04c.39-.39.39-1.02 0-1.41l-2.34-2.34a.996.996 0 0 0-1.41 0l-1.83 1.83 3.75 3.75z"
                            />
                          </svg>
                        </button>
                      </div>
                    </div>
                  </td>
                  <td
                    class="MuiTableCell-root MuiTableCell-body MuiTableCell-sizeSmall css-x59lm5-MuiTableCell-root"
                  >
                    5:37
                  </td>
                  <td
                    class="MuiTableCell-root MuiTableCell-body MuiTableCell-sizeSmall css-5z3e6t-MuiTableCell-root"
                  >
                    <button
                      aria-label="Show file path for track Blue in Green"
                      class="MuiButtonBase-root MuiIconButton-root MuiIconButton-sizeSmall css-mo314w-MuiButtonBase-root-MuiIconButton-root"
                      data-testid="track-track-0003-file-path-btn"
                      tabindex="0"
                      type="button"
                    >
                      <svg
                        aria-hidden="true"
                        class="MuiSvgIcon-root MuiSvgIcon-fontSizeSmall css-1ud1u39-MuiSvgIcon-root"
                        data-testid="InfoOutlinedIcon"
                        focusable="false"
                        viewBox="0 0 24 24"
                      >
                        <path
                          d="M11 7h2v2h-2zm0 4h2v6h-2zm1-9C6.48 2 2 6.48 2 12s4.48 10 10 10 10-4.48 10-10S17.52 2 12 2m0 18c-4.41 0-8-3.59-8-8s3.59-8 8-8 8 3.59 8 8-3.59 8-8 8"
                        />
                      </svg>
                    </button>
                  </td>
                </tr>
              </tbody>
            </table>
          </div>
        </section>
      </div>
    </div>
  </article>
</div>
`;
