// Vitest Snapshot v1, https://vitest.dev/guide/snapshot.html

exports[`AlbumDetail visual regression > matches the loaded-detail snapshot in dark theme 1`] = `
<div>
  <article
    aria-label="Album tags"
    class="MuiBox-root css-1lmvkmd"
  >
    <h1
      class="MuiTypography-root MuiTypography-h1 css-ua3tq8-MuiTypography-root"
    >
      Kind of Blue
    </h1>
    <button
      class="MuiButtonBase-root MuiButton-root MuiButton-outlined MuiButton-sizeMedium MuiButton-colorPrimary css-13hn3zu-MuiButtonBase-root-MuiButton-root"
      data-testid="back-button"
      tabindex="0"
      type="button"
    >
      <span
        class="MuiButton-icon MuiButton-startIcon css-1lxyhll-MuiButton-startIcon"
      >
        <svg
          aria-hidden="true"
          class="MuiSvgIcon-root MuiSvgIcon-fontSizeMedium css-4uxqju-MuiSvgIcon-root"
          data-testid="ArrowBackIcon"
          focusable="false"
          viewBox="0 0 24 24"
        >
          <path
            d="M20 11H7.83l5.59-5.59L12 4l-8 8 8 8 1.41-1.41L7.83 13H20z"
          />
        </svg>
      </span>
      Back
    </button>
    <section
      aria-labelledby="hero-album-title"
      class="MuiBox-root css-1x7nj5q"
      data-testid="album-hero-header"
    >
      <div
        aria-hidden="true"
        class="MuiBox-root css-1ty2qe2"
        data-testid="hero-cover-placeholder"
      />
      <div
        class="MuiBox-root css-bly4bm"
        data-testid="hero-metadata"
      >
        <p
          class="MuiTypography-root MuiTypography-h5 css-n9kgla-MuiTypography-root"
          data-testid="hero-artist"
        >
          Miles Davis
        </p>
        <h2
          class="MuiTypography-root MuiTypography-h4 css-1xy6faa-MuiTypography-root"
          data-testid="hero-album-title"
          id="hero-album-title"
        >
          Kind of Blue
        </h2>
        <p
          class="MuiTypography-root MuiTypography-body1 css-1fz3vqa-MuiTypography-root"
          data-testid="hero-label-catalog"
        >
          Columbia - CL 1355
        </p>
        <p
          class="MuiTypography-root MuiTypography-body2 css-19cl65r-MuiTypography-root"
          data-testid="hero-release-date"
        >
          1959
        </p>
        <ul
          aria-label="Genre tags"
          class="MuiBox-root css-toc6l2"
          data-testid="hero-genre-chips"
          role="list"
        >
          <li
            role="listitem"
          >
            <div
              class="MuiChip-root MuiChip-outlined MuiChip-sizeSmall MuiChip-colorDefault css-t4kuez-MuiChip-root"
            >
              <span
                class="MuiChip-label css-19m61dl-MuiChip-label"
              >
                Jazz
              </span>
            </div>
          </li>
        </ul>
      </div>
    </section>
    <section
      aria-label="Tracks"
      class="MuiBox-root css-1fwzste"
      data-testid="tracklist-placeholder"
    >
      <h2
        class="MuiTypography-root MuiTypography-h6 css-1k7tr3w-MuiTypography-root"
      >
        Tracks
      </h2>
      <p
        class="MuiTypography-root MuiTypography-body2 css-19cl65r-MuiTypography-root"
      >
        3 tracks
      </p>
    </section>
    <section
      aria-label="Album credits"
      class="MuiBox-root css-1fwzste"
      data-testid="credits-placeholder"
    >
      <h2
        class="MuiTypography-root MuiTypography-h6 css-1k7tr3w-MuiTypography-root"
      >
        Credits
      </h2>
    </section>
    <button
      class="MuiButtonBase-root MuiButton-root MuiButton-contained MuiButton-sizeMedium MuiButton-colorPrimary css-1psfeg2-MuiButtonBase-root-MuiButton-root"
      data-testid="edit-button"
      tabindex="0"
      type="button"
    >
      <span
        class="MuiButton-icon MuiButton-startIcon css-1lxyhll-MuiButton-startIcon"
      >
        <svg
          aria-hidden="true"
          class="MuiSvgIcon-root MuiSvgIcon-fontSizeMedium css-4uxqju-MuiSvgIcon-root"
          data-testid="EditIcon"
          focusable="false"
          viewBox="0 0 24 24"
        >
          <path
            d="M3 17.25V21h3.75L17.81 9.94l-3.75-3.75zM20.71 7.04c.39-.39.39-1.02 0-1.41l-2.34-2.34a.996.996 0 0 0-1.41 0l-1.83 1.83 3.75 3.75z"
          />
        </svg>
      </span>
      Edit
    </button>
  </article>
</div>
`;

exports[`AlbumDetail visual regression > matches the loaded-detail snapshot in light theme 1`] = `
<div>
  <article
    aria-label="Album tags"
    class="MuiBox-root css-1lmvkmd"
  >
    <h1
      class="MuiTypography-root MuiTypography-h1 css-ua3tq8-MuiTypography-root"
    >
      Kind of Blue
    </h1>
    <button
      class="MuiButtonBase-root MuiButton-root MuiButton-outlined MuiButton-sizeMedium MuiButton-colorPrimary css-13hn3zu-MuiButtonBase-root-MuiButton-root"
      data-testid="back-button"
      tabindex="0"
      type="button"
    >
      <span
        class="MuiButton-icon MuiButton-startIcon css-1lxyhll-MuiButton-startIcon"
      >
        <svg
          aria-hidden="true"
          class="MuiSvgIcon-root MuiSvgIcon-fontSizeMedium css-4uxqju-MuiSvgIcon-root"
          data-testid="ArrowBackIcon"
          focusable="false"
          viewBox="0 0 24 24"
        >
          <path
            d="M20 11H7.83l5.59-5.59L12 4l-8 8 8 8 1.41-1.41L7.83 13H20z"
          />
        </svg>
      </span>
      Back
    </button>
    <section
      aria-labelledby="hero-album-title"
      class="MuiBox-root css-1x7nj5q"
      data-testid="album-hero-header"
    >
      <div
        aria-hidden="true"
        class="MuiBox-root css-1ty2qe2"
        data-testid="hero-cover-placeholder"
      />
      <div
        class="MuiBox-root css-bly4bm"
        data-testid="hero-metadata"
      >
        <p
          class="MuiTypography-root MuiTypography-h5 css-n9kgla-MuiTypography-root"
          data-testid="hero-artist"
        >
          Miles Davis
        </p>
        <h2
          class="MuiTypography-root MuiTypography-h4 css-1xy6faa-MuiTypography-root"
          data-testid="hero-album-title"
          id="hero-album-title"
        >
          Kind of Blue
        </h2>
        <p
          class="MuiTypography-root MuiTypography-body1 css-1fz3vqa-MuiTypography-root"
          data-testid="hero-label-catalog"
        >
          Columbia - CL 1355
        </p>
        <p
          class="MuiTypography-root MuiTypography-body2 css-19cl65r-MuiTypography-root"
          data-testid="hero-release-date"
        >
          1959
        </p>
        <ul
          aria-label="Genre tags"
          class="MuiBox-root css-toc6l2"
          data-testid="hero-genre-chips"
          role="list"
        >
          <li
            role="listitem"
          >
            <div
              class="MuiChip-root MuiChip-outlined MuiChip-sizeSmall MuiChip-colorDefault css-t4kuez-MuiChip-root"
            >
              <span
                class="MuiChip-label css-19m61dl-MuiChip-label"
              >
                Jazz
              </span>
            </div>
          </li>
        </ul>
      </div>
    </section>
    <section
      aria-label="Tracks"
      class="MuiBox-root css-1fwzste"
      data-testid="tracklist-placeholder"
    >
      <h2
        class="MuiTypography-root MuiTypography-h6 css-1k7tr3w-MuiTypography-root"
      >
        Tracks
      </h2>
      <p
        class="MuiTypography-root MuiTypography-body2 css-19cl65r-MuiTypography-root"
      >
        3 tracks
      </p>
    </section>
    <section
      aria-label="Album credits"
      class="MuiBox-root css-1fwzste"
      data-testid="credits-placeholder"
    >
      <h2
        class="MuiTypography-root MuiTypography-h6 css-1k7tr3w-MuiTypography-root"
      >
        Credits
      </h2>
    </section>
    <button
      class="MuiButtonBase-root MuiButton-root MuiButton-contained MuiButton-sizeMedium MuiButton-colorPrimary css-1psfeg2-MuiButtonBase-root-MuiButton-root"
      data-testid="edit-button"
      tabindex="0"
      type="button"
    >
      <span
        class="MuiButton-icon MuiButton-startIcon css-1lxyhll-MuiButton-startIcon"
      >
        <svg
          aria-hidden="true"
          class="MuiSvgIcon-root MuiSvgIcon-fontSizeMedium css-4uxqju-MuiSvgIcon-root"
          data-testid="EditIcon"
          focusable="false"
          viewBox="0 0 24 24"
        >
          <path
            d="M3 17.25V21h3.75L17.81 9.94l-3.75-3.75zM20.71 7.04c.39-.39.39-1.02 0-1.41l-2.34-2.34a.996.996 0 0 0-1.41 0l-1.83 1.83 3.75 3.75z"
          />
        </svg>
      </span>
      Edit
    </button>
  </article>
</div>
`;
